[INFO] Scanning for projects...
[INFO] 
[INFO] -------------------< com.talentra:talentra-backend >--------------------
[INFO] Building talentra-backend 1.0.0
[INFO]   from pom.xml
[INFO] --------------------------------[ jar ]---------------------------------
[INFO] 
[INFO] >>> spring-boot:3.2.4:run (default-cli) > test-compile @ talentra-backend >>>
[INFO] 
[INFO] --- resources:3.3.1:resources (default-resources) @ talentra-backend ---
[INFO] Copying 1 resource from src/main/resources to target/classes
[INFO] Copying 0 resource from src/main/resources to target/classes
[INFO] 
[INFO] --- compiler:3.11.0:compile (default-compile) @ talentra-backend ---
[INFO] Nothing to compile - all classes are up to date
[INFO] 
[INFO] --- resources:3.3.1:testResources (default-testResources) @ talentra-backend ---
[INFO] skip non existing resourceDirectory /Users/dharanisham/Developer/Github-Repositories/Talentra/backend/src/test/resources
[INFO] 
[INFO] --- compiler:3.11.0:testCompile (default-testCompile) @ talentra-backend ---
[INFO] Nothing to compile - all classes are up to date
[INFO] 
[INFO] <<< spring-boot:3.2.4:run (default-cli) < test-compile @ talentra-backend <<<
[INFO] 
[INFO] 
[INFO] --- spring-boot:3.2.4:run (default-cli) @ talentra-backend ---
[INFO] Attaching agents: []

  .   ____          _            __ _ _
 /\\ / ___'_ __ _ _(_)_ __  __ _ \ \ \ \
( ( )\___ | '_ | '_| | '_ \/ _` | \ \ \ \
 \\/  ___)| |_)| | | | | || (_| |  ) ) ) )
  '  |____| .__|_| |_|_| |_\__, | / / / /
 =========|_|==============|___/=/_/_/_/
 :: Spring Boot ::                (v3.2.4)

2026-04-01T14:56:02.294+05:30  INFO 27215 --- [           main] com.talentra.TalentraApplication         : Starting TalentraApplication using Java 17.0.14 with PID 27215 (/Users/dharanisham/Developer/Github-Repositories/Talentra/backend/target/classes started by dharanisham in /Users/dharanisham/Developer/Github-Repositories/Talentra/backend)
2026-04-01T14:56:02.295+05:30  INFO 27215 --- [           main] com.talentra.TalentraApplication         : No active profile set, falling back to 1 default profile: "default"
2026-04-01T14:56:02.468+05:30  INFO 27215 --- [           main] .s.d.r.c.RepositoryConfigurationDelegate : Bootstrapping Spring Data JPA repositories in DEFAULT mode.
2026-04-01T14:56:02.486+05:30  INFO 27215 --- [           main] .s.d.r.c.RepositoryConfigurationDelegate : Finished Spring Data repository scanning in 15 ms. Found 6 JPA repository interfaces.
2026-04-01T14:56:02.640+05:30  INFO 27215 --- [           main] o.s.b.w.embedded.tomcat.TomcatWebServer  : Tomcat initialized with port 8000 (http)
2026-04-01T14:56:02.643+05:30  INFO 27215 --- [           main] o.apache.catalina.core.StandardService   : Starting service [Tomcat]
2026-04-01T14:56:02.643+05:30  INFO 27215 --- [           main] o.apache.catalina.core.StandardEngine    : Starting Servlet engine: [Apache Tomcat/10.1.19]
2026-04-01T14:56:02.660+05:30  INFO 27215 --- [           main] o.a.c.c.C.[Tomcat].[localhost].[/]       : Initializing Spring embedded WebApplicationContext
2026-04-01T14:56:02.661+05:30  INFO 27215 --- [           main] w.s.c.ServletWebServerApplicationContext : Root WebApplicationContext: initialization completed in 355 ms
2026-04-01T14:56:02.698+05:30  INFO 27215 --- [           main] o.hibernate.jpa.internal.util.LogHelper  : HHH000204: Processing PersistenceUnitInfo [name: default]
2026-04-01T14:56:02.712+05:30  INFO 27215 --- [           main] org.hibernate.Version                    : HHH000412: Hibernate ORM core version 6.4.4.Final
2026-04-01T14:56:02.720+05:30  INFO 27215 --- [           main] o.h.c.internal.RegionFactoryInitiator    : HHH000026: Second-level cache disabled
2026-04-01T14:56:02.782+05:30  INFO 27215 --- [           main] o.s.o.j.p.SpringPersistenceUnitInfo      : No LoadTimeWeaver setup: ignoring JPA class transformer
2026-04-01T14:56:02.788+05:30  INFO 27215 --- [           main] com.zaxxer.hikari.HikariDataSource       : HikariPool-1 - Starting...
2026-04-01T14:56:02.826+05:30  INFO 27215 --- [           main] com.zaxxer.hikari.pool.HikariPool        : HikariPool-1 - Added connection org.postgresql.jdbc.PgConnection@dada335
2026-04-01T14:56:02.826+05:30  INFO 27215 --- [           main] com.zaxxer.hikari.HikariDataSource       : HikariPool-1 - Start completed.
2026-04-01T14:56:03.107+05:30  INFO 27215 --- [           main] o.h.e.t.j.p.i.JtaPlatformInitiator       : HHH000489: No JTA platform available (set 'hibernate.transaction.jta.platform' to enable JTA platform integration)
2026-04-01T14:56:03.187+05:30  INFO 27215 --- [           main] j.LocalContainerEntityManagerFactoryBean : Initialized JPA EntityManagerFactory for persistence unit 'default'
2026-04-01T14:56:03.443+05:30  WARN 27215 --- [           main] JpaBaseConfiguration$JpaWebConfiguration : spring.jpa.open-in-view is enabled by default. Therefore, database queries may be performed during view rendering. Explicitly configure spring.jpa.open-in-view to disable this warning
2026-04-01T14:56:03.542+05:30  INFO 27215 --- [           main] o.s.s.web.DefaultSecurityFilterChain     : Will secure any request with [org.springframework.security.web.session.DisableEncodeUrlFilter@38e88e13, org.springframework.security.web.context.request.async.WebAsyncManagerIntegrationFilter@3a720ae3, org.springframework.security.web.context.SecurityContextHolderFilter@41935a9d, org.springframework.security.web.header.HeaderWriterFilter@39a1e1e6, org.springframework.web.filter.CorsFilter@1fe37d27, org.springframework.security.web.authentication.logout.LogoutFilter@3f1d4ecf, com.talentra.security.JwtAuthenticationFilter@1db9c2cf, org.springframework.security.web.savedrequest.RequestCacheAwareFilter@565030b7, org.springframework.security.web.servletapi.SecurityContextHolderAwareRequestFilter@752fecbf, org.springframework.security.web.authentication.AnonymousAuthenticationFilter@1718de70, org.springframework.security.web.session.SessionManagementFilter@308d4981, org.springframework.security.web.access.ExceptionTranslationFilter@1abd1a28, org.springframework.security.web.access.intercept.AuthorizationFilter@3fc7abf6]
2026-04-01T14:56:03.621+05:30  WARN 27215 --- [           main] ConfigServletWebServerApplicationContext : Exception encountered during context initialization - cancelling refresh attempt: org.springframework.context.ApplicationContextException: Failed to start bean 'webServerStartStop'
2026-04-01T14:56:03.622+05:30  INFO 27215 --- [           main] j.LocalContainerEntityManagerFactoryBean : Closing JPA EntityManagerFactory for persistence unit 'default'
2026-04-01T14:56:03.622+05:30  INFO 27215 --- [           main] com.zaxxer.hikari.HikariDataSource       : HikariPool-1 - Shutdown initiated...
2026-04-01T14:56:03.623+05:30  INFO 27215 --- [           main] com.zaxxer.hikari.HikariDataSource       : HikariPool-1 - Shutdown completed.
2026-04-01T14:56:03.627+05:30  INFO 27215 --- [           main] .s.b.a.l.ConditionEvaluationReportLogger : 

Error starting ApplicationContext. To display the condition evaluation report re-run your application with 'debug' enabled.
2026-04-01T14:56:03.630+05:30 ERROR 27215 --- [           main] o.s.b.d.LoggingFailureAnalysisReporter   : 

***************************
APPLICATION FAILED TO START
***************************

Description:

Web server failed to start. Port 8000 was already in use.

Action:

Identify and stop the process that's listening on port 8000 or configure this application to listen on another port.

[INFO] ------------------------------------------------------------------------
[INFO] BUILD FAILURE
[INFO] ------------------------------------------------------------------------
[INFO] Total time:  1.989 s
[INFO] Finished at: 2026-04-01T14:56:03+05:30
[INFO] ------------------------------------------------------------------------
[ERROR] Failed to execute goal org.springframework.boot:spring-boot-maven-plugin:3.2.4:run (default-cli) on project talentra-backend: Process terminated with exit code: 1 -> [Help 1]
[ERROR] 
[ERROR] To see the full stack trace of the errors, re-run Maven with the -e switch.
[ERROR] Re-run Maven using the -X switch to enable full debug logging.
[ERROR] 
[ERROR] For more information about the errors and possible solutions, please read the following articles:
[ERROR] [Help 1] http://cwiki.apache.org/confluence/display/MAVEN/MojoExecutionException
